// Vitest Snapshot v1, https://vitest.dev/guide/snapshot.html

exports[`Correct ErrorPage snapshot 1`] = `
<body>
  <div>
    <header />
    <main>
      Error Page
    </main>
    <footer />
  </div>
</body>
`;
